{
  "message": "Key: 'Title' Error:Field validation for 'Title' failed on the 'required' tag\nKey: 'Priority' Error:Field validation for 'Priority' failed on the 'oneof' tag"
}
