{ "title": "買い物", "description": "牛乳を買う", "priority": 2 }