[ { "id": 1, "title": "task1", "priority": 0, "is_done": false }, { "id": 2, "title": "task2", "priority": 0, "is_done": false } ]