[
  {
    "id": 1,
    "name": "tag1"
  },
  {
    "id": 2,
    "name": "tag2"
  }
]